[12:58:29.424] [00:00:00.000,488] [0m<inf> udc_nrf: Preinit[0m
[12:58:29.429] *** Booting nRF Connect SDK v3.3.0-ba167d9f3db4 ***
[12:58:29.429] *** Using Zephyr OS v4.3.99-fd9204a02d52 ***
[12:58:29.430] [00:00:00.000,823] [0m<inf> udc_nrf: Initialized[0m
[12:58:29.430] Starting Periodic Advertising Demo (central)
[12:58:29.430] [00:00:00.001,190] [0m<inf> bt_sdc_hci_driver: SoftDevice Controller build revision: 
[12:58:29.431]                                             27 03 7d 53 04 8d fe 99  a9 f2 9a ad de 5b 6a e2 |'.}S.... .....[j.
[12:58:29.431]                                             74 6c ac 75                                      |tl.u             [0m
[12:58:29.432] [00:00:00.003,692] [0m<inf> bt_hci_core: HW Platform: Nordic Semiconductor (0x0002)[0m
[12:58:29.432] [00:00:00.003,723] [0m<inf> bt_hci_core: HW Variant: nRF52x (0x0002)[0m
[12:58:29.433] [00:00:00.003,753] [0m<inf> bt_hci_core: Firmware: Standard Bluetooth controller (0x00) Version 39.32003 Build 4270654547[0m
[12:58:29.433] [00:00:00.004,638] [0m<inf> bt_hci_core: HCI transport: SDC[0m
[12:58:29.434] [00:00:00.004,730] [0m<inf> bt_hci_core: Identity: E2:67:67:7D:3F:69 (random)[0m
[12:58:29.435] [00:00:00.004,791] [0m<inf> bt_hci_core: HCI: version 6.2 (0x10) revision 0Disconnected, reason 0x16 
[12:58:29.435] Scanning successfully started
[12:58:38.882] >>> Node 01 (subevent 0): skin_temp=27.00C humidity=50.7% seq=612
[12:59:08.881] >>> Node 01 (subevent 0): skin_temp=26.50C humidity=50.8% seq=615
[12:59:18.879] >>> Node 01 (subevent 0): skin_temp=27.00C humidity=50.8% seq=616
[12:59:38.879] >>> Node 01 (subevent 0): skin_temp=27.00C humidity=50.9% seq=618
[12:59:48.879] >>> Node 01 (subevent 0): skin_temp=26.50C humidity=50.7% seq=619
