[12:39:45.768] [00:00:00.000,640] [0m<inf> udc_nrf: Preinit[0m
[12:39:45.769] *** Booting nRF Connect SDK v3.3.0-ba167d9f3db4 ***
[12:39:45.769] *** Using Zephyr OS v4.3.99-fd9204a02d52 ***
[12:39:45.770] [00:00:00.003,936] [0m<inf> udc_nrf: Initialized[0m
[12:39:45.771] Starting Periodic Advertising with Responses Synchronization Demo (peripheral)
[12:39:45.772] Node ID: 8
[12:39:45.773] [STORAGE] Flash log area has foreign data, erasing and retrying
[12:39:45.773] [00:00:00.090,057] [0m<inf> udc_nrf: SUSPEND state detected[0m
[12:39:45.776] [00:00:00.175,506] [0m<inf> udc_nrf: Reset[0m
[12:39:45.777] [00:00:00.175,628] [0m<inf> udc_nrf: RESUMING from suspend[0m
[12:39:45.778] [00:00:00.261,566] [0m<inf> udc_nrf: Reset[0m
[12:39:45.778] [STORAGE] Flash log ready (8 sectors)
[12:39:45.779] [00:00:00.690,948] [0m<inf> bt_sdc_hci_driver: SoftDevice Controller build revision: 
[12:39:45.781]                                             27 03 7d 53 04 8d fe 99  a9 f2 9a ad de 5b 6a e2 |'.}S.... .....[j.
[12:39:45.783]                                             74 6c ac 75                                      |tl.u             [0m
[12:39:45.784] [00:00:00.693,603] [0m<inf> bt_hci_core: HW Platform: Nordic Semiconductor (0x0002)[0m
[12:39:45.786] [00:00:00.693,634] [0m<inf> bt_hci_core: HW Varia[SENSORS] node 8 seq 1 temp=30.02C humidity=44.3% flags=0x00
[12:39:55.755] Timed out while synchronizing
[12:39:55.756] Waiting for periodic sync...
[12:39:55.757] [SENSORS] node 8 seq 2 temp=30.01C humidity=45.2% flags=0x00
[12:39:57.237] *** read error: MethodInvocationException: Exception calling "ReadLine" with "0" argument(s): "The I/O operation has been aborted because of either a thread exit or an application request.
" -- reopening port ***
[12:39:57.237] *** could not reopen COM29 : Exception calling "Open" with "0" argument(s): "The port 'COM29' does not exist." -- stopping capture ***
