[12:36:25.473] [00:00:00.000,671] [0m<inf> udc_nrf: Preinit[0m
[12:36:25.474] *** Booting nRF Connect SDK v3.3.0-ba167d9f3db4 ***
[12:36:25.475] *** Using Zephyr OS v4.3.99-fd9204a02d52 ***
[12:36:25.475] [00:00:00.003,967] [0m<inf> udc_nrf: Initialized[0m
[12:36:25.476] Starting Periodic Advertising with Responses Synchronization Demo (peripheral)
[12:36:25.476] Node ID: 31
[12:36:25.476] [STORAGE] Flash log area has foreign data, erasing and retrying
[12:36:25.477] [00:00:00.090,087] [0m<inf> udc_nrf: SUSPEND state detected[0m
[12:36:25.479] [00:00:00.175,537] [0m<inf> udc_nrf: Reset[0m
[12:36:25.479] [00:00:00.175,659] [0m<inf> udc_nrf: RESUMING from suspend[0m
[12:36:25.480] [00:00:00.261,596] [0m<inf> udc_nrf: Reset[0m
[12:36:25.480] [STORAGE] Flash log ready (8 sectors)
[12:36:25.481] [00:00:00.691,558] [0m<inf> bt_sdc_hci_driver: SoftDevice Controller build revision: 
[12:36:25.481]                                             27 03 7d 53 04 8d fe 99  a9 f2 9a ad de 5b 6a e2 |'.}S.... .....[j.
[12:36:25.481]                                             74 6c ac 75                                      |tl.u             [0m
[12:36:25.482] [00:00:00.694,427] [0m<inf> bt_hci_core: HW Platform: Nordic Semiconductor (0x0002)[0m
[12:36:25.483] [00:00:00.694,458] [0m<inf> bt_hci_core: HW Vari[SENSORS] node 31 seq 1 temp=31.11C humidity=58.8% flags=0x00
[12:36:26.641] *** read error: MethodInvocationException: Exception calling "ReadLine" with "0" argument(s): "The I/O operation has been aborted because of either a thread exit or an application request.
" -- reopening port ***
[12:36:26.641] *** could not reopen COM26 : Exception calling "Open" with "0" argument(s): "The port 'COM26' does not exist." -- stopping capture ***
