[15:20:23.563] [00:00:00.000,671] [0m<inf> udc_nrf: Preinit[0m
[15:20:23.564] [00:00:00.002,075] [1;31m<err> SHT4X: Failed to reset the device.[0m
[15:20:23.566] [00:00:00.002,288] [1;31m<err> LM75: failed to write configuration (ret -5)[0m
[15:20:23.567] *** Booting nRF Connect SDK v3.3.0-ba167d9f3db4 ***
[15:20:23.567] *** Using Zephyr OS v4.3.99-fd9204a02d52 ***
[15:20:23.568] [00:00:00.002,532] [0m<inf> udc_nrf: Initialized[0m
[15:20:23.570] Starting Periodic Advertising with Responses Synchronization Demo (peripheral)
[15:20:23.570] Node ID: 35
[15:20:23.575] [WARN] Skin temperature sensor not ready
[15:20:23.576] [WARN] Humidity sensor not ready
[15:20:23.577] [00:00:00.006,744] [0m<inf> udc_nrf: SUSPEND state detected[0m
[15:20:23.578] [STORAGE] Flash log ready (8 sectors)
[15:20:23.579] [00:00:00.009,613] [0m<inf> bt_sdc_hci_driver: SoftDevice Controller build revision: 
[15:20:23.580]                                             27 03 7d 53 04 8d fe 99  a9 f2 9a ad de 5b 6a e2 |'.}S.... .....[j.
[15:20:23.582]                                             74 6c ac 75                                      |tl.u             [0m
[15:20:23.584] [00:00:00.012,268] [0m<inf> bt_hci_core: HW Platform: Nordic Semiconductor (0x0002)[0m
[15:20:23.585] [00:00:00.012,298] [0m<inf> bt_hci_core: HW Va[SENSORS] node 35 seq 1 temp=0.00C humidity=0.0% flags=0x03
[15:20:23.585] Disconnected, reason 0x13 
[15:20:27.555] *** read error: MethodInvocationException: Exception calling "ReadLine" with "0" argument(s): "The I/O operation has been aborted because of either a thread exit or an application request.
" -- reopening port ***
[15:20:27.555] *** could not reopen COM20 : Exception calling "Open" with "0" argument(s): "The port 'COM20' does not exist." -- stopping capture ***
