[12:21:01.542] [00:00:00.000,640] [0m<inf> udc_nrf: Preinit[0m
[12:21:01.543] *** Booting nRF Connect SDK v3.3.0-ba167d9f3db4 ***
[12:21:01.543] *** Using Zephyr OS v4.3.99-fd9204a02d52 ***
[12:21:01.544] [00:00:00.003,936] [0m<inf> udc_nrf: Initialized[0m
[12:21:01.544] Starting Periodic Advertising with Responses Synchronization Demo (peripheral)
[12:21:01.545] Node ID: 30
[12:21:01.546] [STORAGE] Flash log area has foreign data, erasing and retrying
[12:21:01.546] [00:00:00.090,057] [0m<inf> udc_nrf: SUSPEND state detected[0m
[12:21:01.549] [00:00:00.175,506] [0m<inf> udc_nrf: Reset[0m
[12:21:01.550] [00:00:00.175,628] [0m<inf> udc_nrf: RESUMING from suspend[0m
[12:21:01.550] [00:00:00.261,566] [0m<inf> udc_nrf: Reset[0m
[12:21:01.551] [STORAGE] Flash log ready (8 sectors)
[12:21:01.552] [00:00:00.690,948] [0m<inf> bt_sdc_hci_driver: SoftDevice Controller build revision: 
[12:21:01.552]                                             27 03 7d 53 04 8d fe 99  a9 f2 9a ad de 5b 6a e2 |'.}S.... .....[j.
[12:21:01.553]                                             74 6c ac 75                                      |tl.u             [0m
[12:21:01.554] [00:00:00.693,786] [0m<inf> bt_hci_core: HW Platform: Nordic Semiconductor (0x0002)[0m
[12:21:01.555] [00:00:00.693,817] [0m<inf> bt_hci_core: HW Vari[SENSORS] node 30 seq 1 temp=28.71C humidity=40.7% flags=0x00
[12:21:11.529] Timed out while synchronizing
[12:21:11.532] Waiting for periodic sync...
[12:21:11.533] [SENSORS] node 30 seq 2 temp=28.73C humidity=41.6% flags=0x00
[12:21:13.579] *** read error: MethodInvocationException: Exception calling "ReadLine" with "0" argument(s): "The I/O operation has been aborted because of either a thread exit or an application request.
" -- reopening port ***
[12:21:13.579] *** could not reopen COM13 : Exception calling "Open" with "0" argument(s): "The port 'COM13' does not exist." -- stopping capture ***
